grondtoon 2 staat waarschijnlijk verkeerd
